// Vitest Snapshot v1, https://vitest.dev/guide/snapshot.html

exports[`playthroughs > Beldan with a weaker party 1`] = `
[
  "1 text " "                   text 601436c1 rnd 5",
  "2 text " "                   text 12b3920c rnd 5",
  "3 text " "                   text 7cb4a533 rnd 5",
  "4 text " "                   text e9371d49 rnd 5",
  "5 text "a"                   text 45669ec2 rnd 5",
  "6 text "a"                   text d10d50d8 rnd 5878361",
  "7 text "m"                   text 75bc280f rnd 1506203",
  "8 text "a"                   text 117acd39 rnd 5778639",
  "9 text "d"                   text fc422f36 rnd 8993217",
  "10 text "a"                  text cd7a8600 rnd 15972053",
  "11 text "a"                  text f3ac49b2 rnd 4688425",
  "12 text "r"                  text f06c7b45 rnd 2101739",
  "13 text "a"                  text bdbace35 rnd 11525004",
  "14 text "a"                  text 2ee6838c rnd 11525004",
  "15 text "m"                  text d049ee2d rnd 11525004",
  "16 text "a"                  text 912b4d09 rnd 13195280",
  "17 text "d"                  text b57e1078 rnd 6225364",
  "18 text "a"                  text e644e790 rnd 5282542",
  "19 text "a"                  text e7db6783 rnd 2262546",
  "20 text "r"                  text fe1ea898 rnd 3034991",
  "21 text "a"                  text b239eb6e rnd 3034991",
  "22 text "a"                  text 459aec6d rnd 3034991",
  "23 text "m"                  text f3cdc680 rnd 339062",
  "24 text "a"                  text 459aec6d rnd 339062",
  "25 text "d"                  text e80fa29a rnd 339062",
  "26 text "white\\r"            text d9f92c35 rnd 339062",
  "27 text "1"                  text 8a257615 rnd 339062",
  "28 text "1"                  text 8a257615 rnd 2191713",
  "29 text "1"                  text 142610dd rnd 2191713",
  "30 text "a"                  text 304167d3 rnd 14635125",
  "31 text "a"                  text 3b8f2f01 rnd 3483081",
  "32 text "r"                  text 8626d7a7 rnd 5498205",
  "33 text "a"                  text 743e75fb rnd 1861311",
  "34 text "a"                  text 30c98a9c rnd 2054448",
  "35 text "m"                  text 288b1dc2 rnd 2054448",
  "36 text "a"                  text 6ff4cff5 rnd 2054448",
  "37 text "d"                  text cafce7f9 rnd 2054448",
  "38 text "blue\\r"             text 231234bb rnd 2054448",
  "39 text "1"                  text 4d82a864 rnd 8803123",
  "40 text "1"                  text 4d82a864 rnd 11612458",
  "41 text "1"                  text 6ff4cff5 rnd 11612458",
  "42 text "a"                  text b17cefe0 rnd 4771598",
  "43 text "a"                  text b18547b5 rnd 13141496",
  "44 text "r"                  text ef666353 rnd 13435964",
  "45 text "a"                  text 8d4e2c21 rnd 9058240",
  "46 text "a"                  text dbf7190e rnd 10254869",
  "47 text "m"                  text 31d8fff1 rnd 10254869",
  "48 text "a"                  text 1237a033 rnd 10254869",
  "49 text "d"                  text cf696752 rnd 10254869",
  "50 text "grey\\r"             text 1550f06b rnd 10254869",
  "51 text "1"                  text c57f241e rnd 10254869",
  "52 text "1"                  text c57f241e rnd 1885316",
  "53 text "1"                  text 8915b44a rnd 1885316",
  "54 text "a"                  text 549e23a5 rnd 9048875",
  "55 text "a"                  text 2c63c594 rnd 1024351",
  "56 text "r"                  text 970e9fa0 rnd 5568166",
  "57 text "a"                  text 970e9fa0 rnd 5690065",
  "58 text "a"                  text 0f0cfa44 rnd 3006419",
  "59 text "m"                  text 1725d3e1 rnd 709422",
  "60 text "a"                  text 0633e35b rnd 1506683",
  "61 text "d"                  text 80ea7ed1 rnd 6443602",
  "62 text "a"                  text 80ea7ed1 rnd 8679373",
  "63 text "a"                  text 3154a48b rnd 8679373",
  "64 text "r"                  text a509b562 rnd 8679373",
  "65 text "a"                  text 4c0487a1 rnd 5550304",
  "66 text "a"                  text d25960cd rnd 3196506",
  "67 text "m"                  text 6d302654 rnd 3196506",
  "68 text "a"                  text 87fa465f rnd 3196506",
  "69 text "d"                  text ba5862c4 rnd 3196506",
  "70 text "a"                  text 8139636d rnd 2362633",
  "71 text "a"                  text 2ed62196 rnd 15667357",
  "72 text "r"                  text a3c943ea rnd 14044016",
  "73 text "a"                  text d95d6ccf rnd 2490164",
  "74 text "a"                  text b28cf82d rnd 8352039",
  "75 text "m"                  text b28cf82d rnd 14591822",
  "76 text "a"                  text c0f24917 rnd 9737581",
  "77 text "d"                  text 5b10572d rnd 4291072",
  "78 text "a"                  text 231f5684 rnd 3725434",
  "79 text "a"                  text e237c27d rnd 3725434",
  "80 text "r"                  text d3fed96b rnd 3725434",
  "81 text " "                  text c3aebb0c rnd 3725434",
  "82 text " "                  text c3aebb0c rnd 3725434",
  "outcome: END",
]
`;

exports[`playthroughs > a fighter's new game, menus and all 1`] = `
[
  "restore or start             text 678da98e rnd 5",
  "names                        text 056f0042 rnd 5",
  "fighter                      text 234494bd rnd 5",
  "stats                        text cef40915 rnd 8574962",
  "instructions                 text b4caf66c rnd 8574962",
  "story                        text 0ad510db rnd 12672749",
  "maze                         vga 4dec2c99 rnd 5778639",
  "1 maze "8"                   vga 4dec2c99 rnd 8993217",
  "2 maze "8"                   vga 4dec2c99 rnd 12910147",
  "3 maze "8"                   vga 4dec2c99 rnd 15972053",
  "4 maze "8"                   vga 4dec2c99 rnd 13861879",
  "5 maze "6"                   vga 1b3cedcb rnd 4688425",
  "6 maze "6"                   vga 8166d453 rnd 2101739",
  "7 maze "6"                   vga 25a29709 rnd 2336701",
  "8 maze "8"                   vga 25a29709 rnd 6372383",
  "9 maze "8"                   vga 25a29709 rnd 1262481",
  "10 maze "8"                  vga 25a29709 rnd 10213011",
  "11 maze "8"                  vga 25a29709 rnd 6410661",
  "12 maze "4"                  vga 8166d453 rnd 9893191",
  "13 maze "8"                  vga 8166d453 rnd 3081721",
  "14 maze "8"                  vga 8166d453 rnd 9432123",
  "15 maze "8"                  vga 8166d453 rnd 12768397",
  "16 maze "8"                  vga 8166d453 rnd 3034991",
  "17 maze "2"                  text 5dda8d98 rnd 2191713",
  "18 text " "                  text 5aa81463 rnd 2191713",
  "19 text "a"                  text 527164aa rnd 7803418",
  "20 text "a"                  text a5ac9d3a rnd 2474340",
  "21 text "m"                  text a61a40d8 rnd 3483081",
  "22 text "a"                  text 78c7a4ca rnd 13953826",
  "23 text "d"                  text 37af587e rnd 13953826",
  "24 text "a"                  vga 1789b558 rnd 11612458",
  "25 maze "2"                  vga 1789b558 rnd 13588724",
  "26 maze "2"                  vga 1789b558 rnd 4771598",
  "27 maze "2"                  vga 1789b558 rnd 13141496",
  "28 maze "8"                  vga 1789b558 rnd 13960242",
  "29 maze "8"                  vga 1789b558 rnd 13435964",
  "30 maze "8"                  vga 1789b558 rnd 13178006",
  "31 maze "8"                  vga 1789b558 rnd 9058240",
  "32 maze "6"                  vga f3414c52 rnd 14517306",
  "33 maze "8"                  vga f3414c52 rnd 1885316",
  "34 maze "8"                  vga f3414c52 rnd 11802398",
  "35 maze "8"                  vga f3414c52 rnd 13930120",
  "36 maze "6"                  vga 3997bb22 rnd 12308802",
  "37 maze "6"                  vga 7c4d4ad0 rnd 3717580",
  "38 maze "6"                  vga 1789b558 rnd 5568166",
  "39 maze "6"                  vga f3414c52 rnd 4958800",
  "40 maze "8"                  vga f3414c52 rnd 3476298",
  "41 maze "4"                  vga 1789b558 rnd 984084",
  "42 maze "4"                  vga 7c4d4ad0 rnd 709422",
  "43 maze "4"                  vga 3997bb22 rnd 4696856",
  "44 maze "4"                  vga f3414c52 rnd 6443602",
  "45 maze "2"                  vga 19861102 rnd 8504156",
  "46 maze "2"                  vga 0a268042 rnd 13159606",
  "47 maze "2"                  vga 0d4c5e9a rnd 5550304",
  "48 maze "2"                  vga 24859b0a rnd 3196506",
  "49 maze "8"                  vga 0d4c5e9a rnd 15144868",
  "50 maze "8"                  vga 0a268042 rnd 9831230",
  "51 maze "8"                  vga 19861102 rnd 11721640",
  "52 maze "8"                  text 2f342cfa rnd 14780258",
  "53 text " "                  text ba2837a9 rnd 14780258",
  "54 text "a"                  text 5ee432a8 rnd 2288639",
  "55 text "r"                  text e0a54d57 rnd 14044016",
  "56 text "a"                  text 43e8cef5 rnd 14044016",
  "57 text "a"                  text a814bb59 rnd 11428057",
  "58 text "y"                  text 699d051f rnd 11428057",
  "59 text "m"                  vga 7d9b279c rnd 15147064",
  "60 maze "6"                  vga 116229fa rnd 9597042",
  "61 maze "6"                  vga bce9327a rnd 7328380",
  "62 maze "6"                  vga 70e995d5 rnd 5002454",
  "63 maze "8"                  vga 585061eb rnd 4291072",
  "64 maze "8"                  vga c165cecd rnd 3725434",
  "65 maze "8"                  vga 6f14348c rnd 9222852",
  "66 maze "8"                  vga 52a862e9 rnd 11386718",
  "67 maze "4"                  vga b31f5aff rnd 16087240",
  "68 maze "8"                  vga f75e93cf rnd 920962",
  "69 maze "8"                  vga 8ed8509f rnd 9885708",
  "70 maze "8"                  vga cf0b713d rnd 15599334",
  "71 maze "8"                  vga f3f56df8 rnd 4668560",
  "72 maze "2"                  vga 12f4ea9c rnd 7810954",
  "73 maze "2"                  vga daee62de rnd 1854036",
  "74 maze "2"                  vga f0001530 rnd 805742",
  "75 maze "2"                  vga 19256431 rnd 3073368",
  "76 maze "8"                  vga edc28114 rnd 2973330",
  "77 maze "8"                  vga 85ccf1c6 rnd 10432924",
  "78 maze "8"                  vga db9915c2 rnd 10202358",
  "79 maze "8"                  vga 51b7ac36 rnd 14193440",
  "80 maze "6"                  vga a1682c18 rnd 12434074",
  "81 maze "8"                  vga 89475681 rnd 1420772",
  "82 maze "8"                  text 2f342cfa rnd 4410238",
  "83 text " "                  text 18c47a86 rnd 4410238",
  "84 text "a"                  text 04bad361 rnd 2385384",
  "85 text "d"                  text 8d0ff439 rnd 615330",
  "86 text "a"                  text 96f2d155 rnd 4829503",
  "87 text "a"                  text b213c55b rnd 2522544",
  "88 text "r"                  text 8ca5982c rnd 2522544",
  "89 text "a"                  vga 06b9127f rnd 10943096",
  "90 maze "8"                  vga b201d09f rnd 16456882",
  "91 maze "6"                  vga 4de191dd rnd 1564860",
  "92 maze "6"                  vga c7082d45 rnd 16700694",
  "93 maze "6"                  vga 2bc43e87 rnd 10615872",
  "94 maze "6"                  vga b201d09f rnd 8875194",
  "95 maze "8"                  vga 5864e96f rnd 9040132",
  "96 maze "4"                  vga 2bc43e87 rnd 10397598",
  "97 maze "4"                  vga f3534715 rnd 13083400",
  "98 maze "4"                  vga bcca1add rnd 10193346",
  "99 maze "4"                  vga 5864e96f rnd 669260",
  "100 maze "2"                 vga b201d09f rnd 4609830",
  "101 maze "2"                 vga 06b9127f rnd 16518864",
  "102 maze "2"                 vga b0ea196f rnd 3969994",
  "103 maze "2"                 vga 093e149f rnd 13029524",
  "104 maze "8"                 vga b0ea196f rnd 9765806",
  "105 maze "8"                 vga 06b9127f rnd 14114712",
  "106 maze "8"                 vga b201d09f rnd 12823250",
  "107 maze "8"                 vga 5864e96f rnd 14802908",
  "108 maze "6"                 text 472acec2 rnd 12438838",
  "109 text " "                 text a593b2a1 rnd 12438838",
  "110 text "a"                 text 8403b97e rnd 2471264",
  "111 text "m"                 text 76cd7404 rnd 9288245",
  "112 text "a"                 text b429c004 rnd 512958",
  "113 text "d"                 text 6e23875f rnd 14724683",
  "114 text "a"                 text 8acacccc rnd 14724683",
  "115 text "a"                 text 431a5d91 rnd 14724683",
  "116 text "r"                 text fc75dff7 rnd 9207778",
  "117 text "a"                 vga fc83e0c3 rnd 7350045",
  "118 maze "6"                 vga 88413a3b rnd 13678207",
  "119 maze "6"                 vga c422076d rnd 11899121",
  "120 maze "8"                 vga c422076d rnd 12553971",
  "121 maze "8"                 vga c422076d rnd 9063685",
  "122 maze "8"                 vga c422076d rnd 2247591",
  "123 maze "8"                 vga c422076d rnd 2887513",
  "124 maze "4"                 vga 88413a3b rnd 4472987",
  "125 maze "8"                 vga 0133a3ab rnd 6343661",
  "126 maze "8"                 text 3693da13 rnd 3867087",
  "127 text " "                 text e3ed9f41 rnd 3867087",
  "128 text "a"                 text b0bb7236 rnd 702145",
  "129 text "m"                 text bb6bc5f0 rnd 1729347",
  "130 text "a"                 text eab661c1 rnd 5531460",
  "131 text "d"                 text accba5ed rnd 5531460",
  "132 text "a"                 vga dcdc6c33 rnd 13816972",
  "133 maze "8"                 vga 6d314563 rnd 10348390",
  "134 maze "8"                 vga 394fc7b3 rnd 11149584",
  "135 maze "2"                 vga 6d314563 rnd 12924938",
  "136 maze "2"                 vga dcdc6c33 rnd 5150420",
  "137 maze "2"                 vga 8a3d810b rnd 15006702",
  "138 maze "2"                 vga 114b179b rnd 8460760",
  "139 maze "8"                 vga 8a3d810b rnd 6633234",
  "140 maze "8"                 vga dcdc6c33 rnd 9031196",
  "141 maze "8"                 vga 6d314563 rnd 7286134",
  "142 maze "8"                 vga 394fc7b3 rnd 8132512",
  "143 maze "6"                 vga ddfe653d rnd 5333786",
  "144 maze "8"                 vga ddfe653d rnd 12229220",
  "145 maze "8"                 vga ddfe653d rnd 2333694",
  "146 maze "8"                 vga ddfe653d rnd 12270184",
  "147 maze "6"                 vga 3942ff75 rnd 11197474",
  "148 maze "6"                 vga 12efd43b rnd 727980",
  "149 maze "6"                 vga 394fc7b3 rnd 8218502",
  "150 maze "6"                 vga ddfe653d rnd 9609776",
  "tour (commands menu) "c"     text bee40e9c rnd 6734378",
  "tour (hints) "h"             text f517e4be rnd 6734378",
  "tour (hint) "b"              text 504a85b9 rnd 6734378",
  "tour (hint 2) " "            text 10d45909 rnd 6734378",
  "tour (hint 3) " "            text da150cea rnd 6734378",
  "tour (hint end) " "          text 6cbd83fe rnd 6734378",
  "tour (sound off) "e"         text d178605c rnd 6734378",
  "tour (eagle eye) "m"         text 57af4e9c rnd 6734378",
  "tour (caster) "y"            vga ddfe653d rnd 6734378",
  "tour (spell) "3\\r"           vga ddfe653d rnd 765966",
  "tour (5x5) "1\\r"             vga ddfe653d rnd 13514034",
  "tour (back) " "              vga ddfe653d rnd 7847228",
  "tour (location) "m"          text 49bb5e48 rnd 15832470",
  "tour (caster) "y"            text 11a58515 rnd 15832470",
  "tour (spell) "2\\r"           text 0aafbffd rnd 15832470",
  "tour (quadrant) "1\\r"        text 105370ed rnd 15832470",
  "tour (back) " "              vga 7838100d rnd 15832470",
  "tour (potions) "d"           text 72477aaa rnd 6209728",
  "tour (no potion) "\\r"        text 72477aaa rnd 6209728",
  "tour (back) " "              vga 9a72f479 rnd 6209728",
  "tour (save) "s"              text fd8b8ce0 rnd 16667962",
  "tour (saved) "GOLDEN\\r"      vga 0262894e rnd 16667962",
  "tour (back) " "              vga 5b77e2bd rnd 2891140",
  "tour (restore) "r"           text 4dca80c9 rnd 6699038",
  "tour (restored) "GOLDEN\\r"   vga 0262894e rnd 2027113",
  "tour (walk) "8"              vga 5b77e2bd rnd 7116843",
  "tour (quit?) "q"             text 2b24ee66 rnd 6184957",
  "tour (no) "n"                vga 06650282 rnd 6184957",
  "tour (quit) "q"              text 2b24ee66 rnd 4961887",
  "tour (yes) "y"               text c86e5fae rnd 4961887",
  "tour (scores) " "            text c86e5fae rnd 4961887",
  "outcome: END",
]
`;

exports[`playthroughs > a magic user's new game 1`] = `
[
  "restore or start             text 678da98e rnd 1234567",
  "names                        text 056f0042 rnd 1234567",
  "magic user                   text 234494bd rnd 1234567",
  "stats                        text 1229e890 rnd 9914204",
  "no instructions              text d79137c7 rnd 16025525",
  "story                        text 582fdb2f rnd 16025525",
  "maze                         text 9135d447 rnd 16025525",
  "1 text "y\\r"                 text b4caf66c rnd 16025525",
  "2 text " "                   text 0ad510db rnd 13835172",
  "3 text " "                   vga 136c3ec1 rnd 8529726",
  "4 maze "8"                   vga 136c3ec1 rnd 10493864",
  "5 maze "8"                   vga 136c3ec1 rnd 14216034",
  "6 maze "8"                   vga 136c3ec1 rnd 14394604",
  "7 maze "8"                   vga 136c3ec1 rnd 9714374",
  "8 maze "6"                   vga b2d91893 rnd 3280752",
  "9 maze "6"                   vga 46f31f3b rnd 6527338",
  "10 maze "6"                  vga 0b9640d1 rnd 7275316",
  "11 maze "8"                  vga 0b9640d1 rnd 1035086",
  "12 maze "8"                  vga 0b9640d1 rnd 4285496",
  "13 maze "8"                  vga 0b9640d1 rnd 6214770",
  "14 maze "8"                  vga 0b9640d1 rnd 4150908",
  "15 maze "4"                  vga 46f31f3b rnd 3668182",
  "16 maze "8"                  vga 46f31f3b rnd 2768384",
  "17 maze "8"                  vga 46f31f3b rnd 507002",
  "18 maze "8"                  vga 46f31f3b rnd 7519940",
  "19 maze "8"                  vga 46f31f3b rnd 6546270",
  "20 maze "2"                  vga 46f31f3b rnd 16563400",
  "21 maze "2"                  vga 46f31f3b rnd 15692162",
  "22 maze "2"                  vga 46f31f3b rnd 2317324",
  "23 maze "2"                  vga 46f31f3b rnd 8301286",
  "24 maze "8"                  vga 46f31f3b rnd 16580752",
  "25 maze "8"                  vga 46f31f3b rnd 8065930",
  "26 maze "8"                  vga 46f31f3b rnd 14634580",
  "27 maze "8"                  vga 46f31f3b rnd 8875886",
  "28 maze "6"                  vga 0b9640d1 rnd 2304344",
  "29 maze "8"                  vga 0b9640d1 rnd 6537874",
  "30 maze "8"                  vga 0b9640d1 rnd 2667932",
  "31 maze "8"                  vga 0b9640d1 rnd 1134838",
  "32 maze "6"                  vga 136c3ec1 rnd 10180384",
  "33 maze "6"                  vga b2d91893 rnd 3579546",
  "34 maze "6"                  vga 46f31f3b rnd 16101860",
  "35 maze "6"                  vga 0b9640d1 rnd 12808062",
  "36 maze "8"                  vga 0b9640d1 rnd 4565480",
  "37 maze "4"                  vga 46f31f3b rnd 13944738",
  "38 maze "4"                  vga b2d91893 rnd 3171116",
  "39 maze "4"                  text 2f342cfa rnd 14215942",
  "40 text " "                  text 571b2d56 rnd 14215942",
  "41 text "a"                  text 3af34851 rnd 3555760",
  "42 text "a"                  text bd384fa1 rnd 13413829",
  "43 text "m"                  text 28970eae rnd 10544014",
  "44 text "a"                  text 9c4c6108 rnd 10544014",
  "45 text "d"                  text b5075a48 rnd 4153487",
  "46 text "a"                  text f245476e rnd 4153487",
  "47 text "y"                  vga ee213b52 rnd 16677142",
  "48 maze "4"                  vga 8ae2f7f2 rnd 4112448",
  "49 maze "2"                  vga cf9ce9d2 rnd 11161786",
  "50 maze "2"                  text 5dda8d98 rnd 6550788",
  "51 text " "                  text af668c52 rnd 6550788",
  "52 text "a"                  text 6a69630f rnd 4535273",
  "53 text "r"                  text afd89022 rnd 68011",
  "54 text "a"                  text 05a59287 rnd 703052",
  "55 text "a"                  text 171b08f7 rnd 4638033",
  "56 text "m"                  text f2a056bf rnd 4638033",
  "57 text "a"                  text c3fa3cf0 rnd 10758062",
  "58 text "d"                  text 10aa01d3 rnd 10758062",
  "59 text "a"                  vga c2c8822f rnd 5726137",
  "60 maze "2"                  vga 03686b04 rnd 7410683",
  "61 maze "2"                  vga f76d4758 rnd 13843021",
  "62 maze "m"                  text 700fa4e8 rnd 1565487",
  "63 text "n"                  text 23b51575 rnd 1565487",
  "64 text "1\\r"                text 313d57b9 rnd 1565487",
  "65 text "1\\r"                text f7ad3666 rnd 1565487",
  "66 text "1\\r"                text 0dc4e97a rnd 1565487",
  "67 text "1\\r"                text a9d09bbe rnd 1565487",
  "68 text "1\\r"                text 168a2262 rnd 1565487",
  "69 text "1\\r"                text 0f3c3336 rnd 1565487",
  "70 text "1\\r"                text 0819060a rnd 1565487",
  "71 text "1\\r"                text 0b23ea4e rnd 1565487",
  "72 text "1\\r"                text 3b89c572 rnd 1565487",
  "73 text "1\\r"                text 5587c618 rnd 1565487",
  "74 text "1\\r"                text 726d5c94 rnd 1565487",
  "75 text "1\\r"                text 400e1593 rnd 1565487",
  "76 text "1\\r"                text 410cc70b rnd 1565487",
  "77 text "1\\r"                text 408f53a4 rnd 1565487",
  "78 text "0\\r"                text 6bf2bc62 rnd 1565487",
  "79 text " "                  vga 637b454f rnd 1565487",
  "80 maze "d"                  text f418a105 rnd 6136609",
  "81 text "white\\r"            text bb36efa2 rnd 6136609",
  "82 text " "                  vga fcabc765 rnd 6136609",
  "83 maze "8"                  vga fa35dd77 rnd 766627",
  "84 maze "8"                  vga d3aa412a rnd 11996725",
  "85 maze "8"                  vga 4f65a1bb rnd 3184215",
  "86 maze "8"                  vga e87735e9 rnd 274313",
  "87 maze "6"                  vga 1c609099 rnd 15786571",
  "88 maze "6"                  vga 177b1f5f rnd 2226973",
  "89 maze "6"                  vga 1c1d9435 rnd 3222143",
  "90 maze "8"                  vga b08dacd0 rnd 3777777",
  "91 maze "8"                  vga 3391f9f4 rnd 8667891",
  "92 maze "8"                  vga 19db6ea6 rnd 9740549",
  "93 maze "8"                  vga 16992990 rnd 10436519",
  "94 maze "4"                  vga 49b63ed9 rnd 11576153",
  "95 maze "8"                  text 5dda8d98 rnd 881819",
  "96 text " "                  text f4cfb21f rnd 881819",
  "97 text "a"                  text 2f9a50c3 rnd 12366588",
  "98 text "r"                  text bd04aac4 rnd 12366588",
  "99 text "a"                  text 6e3ded5f rnd 2594773",
  "100 text "a"                 vga 0d42757c rnd 2255684",
  "101 maze "8"                 vga dbb34ace rnd 10810334",
  "102 maze "8"                 text f5f5fac4 rnd 16404808",
  "103 text " "                 text 150fb7f7 rnd 16404808",
  "104 text "m"                 text 3969d8ab rnd 16404808",
  "105 text "y"                 text ed44a4bb rnd 16404808",
  "106 text "3\\r"               text b73703a5 rnd 2992642",
  "107 text "1\\r"               text d177b9a7 rnd 2992642",
  "108 text "a"                 text d177b9a7 rnd 2992642",
  "109 text "d"                 text f6b29444 rnd 2992642",
  "110 text "blue\\r"            text ba424c6b rnd 2992642",
  "111 text " "                 text d177b9a7 rnd 2992642",
  "112 text "a"                 text 4f5a040a rnd 13550879",
  "113 text "a"                 text e6f698e4 rnd 13100304",
  "114 text "r"                 text 3d02346e rnd 12907173",
  "115 text "a"                 text 82981b77 rnd 8921070",
  "116 text "a"                 text 62cf9097 rnd 8921070",
  "117 text "m"                 vga ed7b3667 rnd 840054",
  "118 maze "8"                 vga f8677ade rnd 10935200",
  "119 maze "2"                 vga 3b4feb2b rnd 7489306",
  "120 maze "2"                 text 33cb21d3 rnd 8560228",
  "121 text " "                 text 3498a7f3 rnd 8560228",
  "122 text "a"                 text 0204ff6e rnd 6674121",
  "123 text "d"                 text a3b1d5dc rnd 1982498",
  "124 text "a"                 text 8bc8e108 rnd 16543679",
  "125 text "a"                 text f8e1d4cb rnd 16543679",
  "126 text "r"                 text 3038249e rnd 4093428",
  "127 text "y"                 vga 0fed30c7 rnd 8457447",
  "128 maze "2"                 vga ceac1edf rnd 187033",
  "129 maze "2"                 text 2f342cfa rnd 6514139",
  "130 text " "                 text 31482cc8 rnd 6514139",
  "131 text "a"                 text 3380be4b rnd 10699068",
  "132 text "a"                 text 968ee92e rnd 10699068",
  "133 text "m"                 text f8bc33a0 rnd 15555349",
  "134 text "a"                 vga a242af99 rnd 15606148",
  "135 maze "8"                 vga 30ebd3c7 rnd 14179358",
  "136 maze "8"                 vga 701fefaa rnd 2292616",
  "137 maze "8"                 vga 3c14db6e rnd 12953154",
  "138 maze "8"                 vga a7fbd270 rnd 1652428",
  "139 maze "6"                 vga 20901e42 rnd 88998",
  "140 maze "8"                 vga 9849b493 rnd 6502224",
  "141 maze "8"                 vga 50dcc886 rnd 5308490",
  "142 maze "8"                 text 33cb21d3 rnd 9609492",
  "143 text " "                 text b23c4e81 rnd 9609492",
  "144 text "d"                 text 0b3926c9 rnd 9609492",
  "145 text "grey\\r"            text 4d919c88 rnd 9609492",
  "146 text "1"                 text a2fb48f0 rnd 9609492",
  "147 text "1"                 text b23c4e81 rnd 9609492",
  "148 text "a"                 text 8ef8c2ee rnd 4967993",
  "149 text "a"                 text f7f99cd2 rnd 288594",
  "150 text "r"                 text d35de6f8 rnd 9604527",
  "151 text "a"                 text 53598c48 rnd 9604527",
  "152 text "a"                 vga 6291c935 rnd 9195735",
  "153 maze "6"                 vga 5ce9d98f rnd 114185",
  "154 maze "6"                 vga 919e076b rnd 12510411",
  "155 maze "6"                 vga c7601837 rnd 6558109",
  "156 maze "6"                 vga 88078dee rnd 11007231",
  "157 maze "8"                 vga 8dca38ce rnd 11191153",
  "158 maze "4"                 vga d6d8a7a6 rnd 14833011",
  "159 maze "4"                 vga 719ed758 rnd 6768517",
  "160 maze "4"                 vga 47eab220 rnd 11213351",
  "161 maze "4"                 vga 8dca38ce rnd 14635481",
  "162 maze "2"                 vga cf7adace rnd 9803547",
  "163 maze "2"                 vga 842950be rnd 6346349",
  "164 maze "2"                 vga 1287525e rnd 8347727",
  "165 maze "2"                 vga 3cf0ad1e rnd 14027073",
  "166 maze "m"                 text 429c8b95 rnd 12863939",
  "167 text "y"                 text 8344ed64 rnd 12863939",
  "168 text "4\\r"               text 38cf86e8 rnd 12863939",
  "169 text " "                 vga 3cf0ad1e rnd 12863939",
  "170 maze "d"                 text ec2c2b41 rnd 10051157",
  "171 text "yellow\\r"          text 785915a9 rnd 10051157",
  "172 text "1"                 text d7b83d88 rnd 10051157",
  "173 text "1"                 vga 3cf0ad1e rnd 10051157",
  "174 maze "8"                 vga 1287525e rnd 464836",
  "175 maze "8"                 vga 842950be rnd 11691895",
  "176 maze "8"                 vga cf7adace rnd 12780638",
  "177 maze "8"                 vga 8dca38ce rnd 9013673",
  "178 maze "6"                 vga 47eab220 rnd 12379592",
  "179 maze "6"                 vga 719ed758 rnd 4066667",
  "180 maze "6"                 vga d6d8a7a6 rnd 5825154",
  "181 maze "8"                 vga d6d8a7a6 rnd 6127421",
  "182 maze "8"                 vga d6d8a7a6 rnd 12604684",
  "183 maze "8"                 vga d6d8a7a6 rnd 16109471",
  "184 maze "8"                 vga d6d8a7a6 rnd 2845670",
  "185 maze "4"                 vga 719ed758 rnd 3699473",
  "186 maze "8"                 vga 7ef164e8 rnd 7850384",
  "187 maze "8"                 vga 293aaae0 rnd 3572243",
  "188 maze "8"                 vga 66d12b00 rnd 7611530",
  "189 maze "8"                 vga 434ae700 rnd 8247589",
  "190 maze "2"                 vga 66d12b00 rnd 8972116",
  "191 maze "2"                 vga 293aaae0 rnd 10434759",
  "192 maze "2"                 vga 7ef164e8 rnd 10866798",
  "193 maze "2"                 vga 719ed758 rnd 15033721",
  "194 maze "8"                 vga 7ef164e8 rnd 10261080",
  "195 maze "8"                 vga 293aaae0 rnd 12928955",
  "196 maze "8"                 vga 66d12b00 rnd 5272466",
  "197 maze "8"                 vga 434ae700 rnd 13569037",
  "198 maze "6"                 vga 13087456 rnd 6483612",
  "199 maze "8"                 vga 13087456 rnd 2638575",
  "200 maze "8"                 vga 13087456 rnd 4542966",
  "201 maze "8"                 vga 13087456 rnd 14090465",
  "202 maze "6"                 vga 3cf0ad1e rnd 14114848",
  "203 maze "6"                 vga a7b19168 rnd 6684259",
  "204 maze "6"                 vga 434ae700 rnd 16445338",
  "205 maze "6"                 vga 13087456 rnd 11122677",
  "206 maze "8"                 vga 13087456 rnd 12880612",
  "207 maze "4"                 vga 434ae700 rnd 11439639",
  "208 maze "4"                 vga a7b19168 rnd 3215486",
  "209 maze "4"                 vga 3cf0ad1e rnd 1566025",
  "210 maze "4"                 vga 13087456 rnd 8934120",
  "211 maze "2"                 vga d1f9cf56 rnd 7882251",
  "212 maze "2"                 vga f7645b66 rnd 13940898",
  "213 maze "2"                 vga 30852e4e rnd 6978781",
  "214 maze "2"                 vga cfa3f0ee rnd 1563692",
  "215 maze "m"                 text 429c8b95 rnd 7584319",
  "216 text "n"                 text 8344ed64 rnd 7584319",
  "217 text "3\\r"               text c3528de6 rnd 7584319",
  "218 text "1\\r"               text ae6a4add rnd 7584319",
  "219 text "1\\r"               text d0f22b6e rnd 7584319",
  "220 text "1\\r"               text 2004e965 rnd 7584319",
  "221 text "1\\r"               text 68443c56 rnd 7584319",
  "222 text "1\\r"               text 6578ab8d rnd 7584319",
  "223 text "1\\r"               text c2db995e rnd 7584319",
  "224 text "1\\r"               text 4a426695 rnd 7584319",
  "225 text "1\\r"               text 7d070846 rnd 7584319",
  "226 text "0\\r"               text 307d45ee rnd 7584319",
  "227 text " "                 vga cfa3f0ee rnd 7584319",
  "228 maze "d"                 text 4b68a28c rnd 2370566",
  "229 text "red\\r"             text 18aa9973 rnd 2370566",
  "230 text " "                 vga cfa3f0ee rnd 2370566",
  "231 maze "8"                 vga 30852e4e rnd 16167601",
  "232 maze "8"                 vga f7645b66 rnd 4426416",
  "233 maze "8"                 vga d1f9cf56 rnd 12566195",
  "234 maze "8"                 vga 13087456 rnd 1240746",
  "235 maze "6"                 vga 3cf0ad1e rnd 15858373",
  "236 maze "6"                 vga a7b19168 rnd 3867252",
  "237 maze "6"                 text c4a08d67 rnd 3867252",
  "238 text " "                 text 2f342cfa rnd 6121319",
  "239 text " "                 text 67ebba61 rnd 6121319",
  "240 text "m"                 text 4416116c rnd 6121319",
  "241 text "y"                 text ed44a4bb rnd 6121319",
  "242 text "9\\r"               text ac336bdd rnd 6121319",
  "243 text "2\\r"               text 64f0bdce rnd 15582350",
  "244 text "3\\r"               text 67ebba61 rnd 15582350",
  "245 text "a"                 text 67ebba61 rnd 15582350",
  "246 text "d"                 text 4b68a28c rnd 15582350",
  "247 text "purple\\r"          text 2a6a90fe rnd 15582350",
  "248 text "1"                 text b1614aac rnd 15582350",
  "249 text "1"                 text ab64d640 rnd 15582350",
  "250 text "a"                 text 4e9fba1a rnd 14944347",
  "outcome: still running",
]
`;

exports[`playthroughs > level 4 to the exit, and the fight with Beldan 1`] = `
[
  "restore listing              text 22884e1a rnd 4242",
  "restored                     vga dbcd826d rnd 10400751",
  "1 maze "8"                   text 96e1b21e rnd 15268321",
  "2 text " "                   text 601436c1 rnd 15268321",
  "3 text " "                   text 12b3920c rnd 15268321",
  "4 text " "                   text 7cb4a533 rnd 15268321",
  "5 text " "                   text 8dd6d931 rnd 15268321",
  "6 text "a"                   text 8db6d54a rnd 15268321",
  "7 text "a"                   text 655368dc rnd 2719989",
  "8 text "m"                   text 2198b85f rnd 5668425",
  "9 text "a"                   text 52914acd rnd 13870859",
  "10 text "d"                  text 5ee15eb4 rnd 11365183",
  "11 text "a"                  text 7abe89b7 rnd 5291955",
  "12 text "a"                  text 015d41d9 rnd 7537605",
  "13 text "r"                  text eefb55fc rnd 14537102",
  "14 text "a"                  text b24d84cd rnd 14537102",
  "15 text "a"                  text 8aa88fa6 rnd 14537102",
  "16 text "m"                  text e4668443 rnd 2744857",
  "17 text "a"                  text 8aa88fa6 rnd 2744857",
  "18 text "d"                  text 2224ac49 rnd 2744857",
  "19 text "white\\r"            text 91cfb906 rnd 2744857",
  "20 text "1"                  text 99e0057e rnd 2744857",
  "21 text "1"                  text 99e0057e rnd 629880",
  "22 text "1"                  text bd158520 rnd 629880",
  "23 text "a"                  text f8e9854c rnd 15540924",
  "24 text "a"                  text ff0c9efe rnd 12312128",
  "25 text "r"                  text ee408a5c rnd 5927684",
  "26 text "a"                  text 2cc298f1 rnd 12794270",
  "27 text "a"                  text cc284882 rnd 14643115",
  "28 text "m"                  text b3967d6e rnd 14643115",
  "29 text "a"                  text cf61d1e1 rnd 14643115",
  "30 text "d"                  text 4cbb0f9b rnd 14643115",
  "31 text "blue\\r"             text e43c2161 rnd 14643115",
  "32 text "1"                  text 519f7b6e rnd 13482946",
  "33 text "1"                  text 519f7b6e rnd 15987581",
  "34 text "1"                  text cf61d1e1 rnd 15987581",
  "35 text "a"                  text 099d1595 rnd 14446800",
  "36 text "a"                  text 1579ee50 rnd 12941063",
  "37 text "r"                  text 2e7ad81f rnd 1243643",
  "38 text "a"                  text 2d058db7 rnd 23762",
  "39 text "a"                  text 2d058db7 rnd 16011341",
  "40 text "m"                  text ef732735 rnd 11901217",
  "41 text "a"                  text 4543a534 rnd 11901217",
  "42 text "d"                  text fb497dc4 rnd 11901217",
  "43 text "a"                  text 8738e804 rnd 7070773",
  "44 text "a"                  text 28c70654 rnd 8133719",
  "45 text "r"                  text f612d50c rnd 8133719",
  "46 text " "                  text 3ea6d86b rnd 8133719",
  "47 text " "                  text 063a1d71 rnd 8133719",
  "48 text " "                  text 6187d36a rnd 8133719",
  "49 text " "                  text 3efbf54a rnd 8133719",
  "50 text " "                  text e815e6b2 rnd 8133719",
  "51 text " "                  text b52176f2 rnd 8133719",
  "52 text " "                  text 4a57e505 rnd 8133719",
  "outcome: END",
]
`;

exports[`playthroughs > magic, potions and mishaps from a save 1`] = `
[
  "restore listing              text 22884e1a rnd 777",
  "restored                     text 0ad510db rnd 7797160",
  "1 text " "                   vga c70f2b15 rnd 16160098",
  "2 maze "2"                   vga c70f2b15 rnd 16162540",
  "3 maze "2"                   vga c70f2b15 rnd 1508550",
  "4 maze "6"                   vga 67261d7f rnd 14362992",
  "5 maze "m"                   text a014a5d0 rnd 15041386",
  "6 text "y"                   text 493c812d rnd 15041386",
  "7 text "1\\r"                 text 2aa810dd rnd 15041386",
  "8 text "1\\r"                 text effa9892 rnd 15041386",
  "9 text "1\\r"                 text ebc237a6 rnd 15041386",
  "10 text "1\\r"                text 2309573a rnd 15041386",
  "11 text "1\\r"                text de454cfe rnd 15041386",
  "12 text "1\\r"                text 3ea98a22 rnd 15041386",
  "13 text "1\\r"                text cbf85976 rnd 15041386",
  "14 text "1\\r"                text ad185dca rnd 15041386",
  "15 text "1\\r"                text 3ae3f48e rnd 15041386",
  "16 text "1\\r"                text 58ab1c78 rnd 15041386",
  "17 text "1\\r"                text 726d5c94 rnd 15041386",
  "18 text "1\\r"                text 400e1593 rnd 15041386",
  "19 text "1\\r"                text 410cc70b rnd 15041386",
  "20 text "1\\r"                text 408f53a4 rnd 15041386",
  "21 text "0\\r"                text 6bf2bc62 rnd 15041386",
  "22 text " "                  vga 67261d7f rnd 15041386",
  "23 maze "6"                  vga b7667c1f rnd 1064244",
  "24 maze "2"                  vga 19a7ffc7 rnd 4904270",
  "25 maze "d"                  text e80fa29a rnd 6602296",
  "26 text "white\\r"            text d9f92c35 rnd 6602296",
  "27 text "1"                  text 7783ac33 rnd 6602296",
  "28 text "1"                  vga 19a7ffc7 rnd 6602296",
  "29 maze "6"                  vga 4d7c48ff rnd 2948722",
  "outcome: QuickBASIC error: Subscript out of range (line 416)",
]
`;

exports[`playthroughs > restoring with no saves stops with a QuickBASIC error 1`] = `
[
  "restore                      text 5e8c8e53 rnd 11924148",
  "outcome: QuickBASIC error: File not found (line 3524)",
]
`;
