// Vitest Snapshot v1, https://vitest.dev/guide/snapshot.html

exports[`playthroughs > Beldan with a weaker party 1`] = `
[
  "1 text " "                   text 601436c1 rnd 5",
  "2 text " "                   text b452a2ef rnd 5",
  "3 text " "                   text 2d6d8ce0 rnd 5",
  "4 text " "                   text e9371d49 rnd 5",
  "5 text "a"                   text 45669ec2 rnd 5",
  "6 text "a"                   text 49d9bd82 rnd 5878361",
  "7 text "m"                   text 75bc280f rnd 1506203",
  "8 text "a"                   text fe5b270d rnd 5778639",
  "9 text "d"                   text 6a73ceab rnd 8993217",
  "10 text "a"                  text 9f2948f0 rnd 15972053",
  "11 text "a"                  text ac109c97 rnd 4688425",
  "12 text "r"                  text a07750df rnd 2101739",
  "13 text "a"                  text 7cd6b248 rnd 6608130",
  "14 text "a"                  text a7dfa6f6 rnd 11525004",
  "15 text "m"                  text 385a4f11 rnd 11525004",
  "16 text "a"                  text e6bdfcd0 rnd 11525004",
  "17 text "d"                  text e80fa29a rnd 11525004",
  "18 text "white\\r"            text d9f92c35 rnd 11525004",
  "19 text "1"                  text 8a257615 rnd 11525004",
  "20 text "1"                  text 8a257615 rnd 6372383",
  "21 text "1"                  text 9bb913b9 rnd 1262481",
  "22 text "1"                  text 2d45eb5d rnd 1262481",
  "23 text "a"                  text c8094e01 rnd 6410661",
  "24 text "a"                  text 85071c6c rnd 9893191",
  "25 text "r"                  text 1c51e418 rnd 9432123",
  "26 text "a"                  text d6c7a25e rnd 3034991",
  "27 text "a"                  text 67e85fb1 rnd 12055267",
  "28 text "m"                  text 809fb222 rnd 7803418",
  "29 text "a"                  text b66494b6 rnd 2474340",
  "30 text "d"                  text d5b87d1f rnd 2474340",
  "31 text "a"                  text 8a2675e9 rnd 2474340",
  "32 text "a"                  text 1a74ae2c rnd 13799784",
  "33 text "r"                  text 05f6af49 rnd 10330796",
  "34 text "a"                  text e678eb85 rnd 2054448",
  "35 text "a"                  text 763005af rnd 13588724",
  "36 text "m"                  text 9c8a9aba rnd 1729511",
  "37 text "a"                  text 69da47bd rnd 1729511",
  "38 text "d"                  text c642f3fa rnd 1729511",
  "39 text "a"                  text 410306fa rnd 1567963",
  "40 text "a"                  text c02f6ec9 rnd 13140495",
  "41 text "r"                  text 46140a19 rnd 11794307",
  "42 text "a"                  text 49bd5d4c rnd 1335607",
  "43 text "a"                  text b0d12057 rnd 11802398",
  "44 text "m"                  text 77273260 rnd 11802398",
  "45 text "a"                  text ad94459c rnd 11802398",
  "46 text "d"                  text cafce7f9 rnd 11802398",
  "47 text "blue\\r"             text 231234bb rnd 11802398",
  "48 text "1"                  text 4d82a864 rnd 7426409",
  "49 text "1"                  text 4d82a864 rnd 13930120",
  "50 text "1"                  text ad94459c rnd 13930120",
  "51 text "a"                  text a1692b25 rnd 3717580",
  "52 text "a"                  text 59a69162 rnd 3717580",
  "53 text "r"                  text 8445358d rnd 3717580",
  "54 text "a"                  text 1df29b0b rnd 3717580",
  "55 text "a"                  text e24552ca rnd 4958800",
  "56 text "m"                  text 778b3361 rnd 3476298",
  "57 text "a"                  text a92d719e rnd 709422",
  "58 text "d"                  text 69f798ef rnd 709422",
  "59 text "a"                  text d3fed96b rnd 709422",
  "60 text " "                  text c3aebb0c rnd 709422",
  "61 text " "                  text c3aebb0c rnd 709422",
  "outcome: END",
]
`;

exports[`playthroughs > a fighter's new game, menus and all 1`] = `
[
  "restore or start             text 678da98e rnd 5",
  "names                        text 056f0042 rnd 5",
  "fighter                      text 234494bd rnd 5",
  "stats                        text b1406ebe rnd 8574962",
  "instructions                 text b4caf66c rnd 8574962",
  "story                        text 0ad510db rnd 12672749",
  "maze                         vga 98f48ae9 rnd 5778639",
  "1 maze "8"                   vga 98f48ae9 rnd 8993217",
  "2 maze "8"                   vga 98f48ae9 rnd 12910147",
  "3 maze "8"                   vga 98f48ae9 rnd 15972053",
  "4 maze "8"                   vga 98f48ae9 rnd 13861879",
  "5 maze "6"                   vga 0225595b rnd 4688425",
  "6 maze "6"                   vga dc496793 rnd 2101739",
  "7 maze "6"                   vga 70aaf559 rnd 2336701",
  "8 maze "8"                   vga 70aaf559 rnd 6372383",
  "9 maze "8"                   vga 70aaf559 rnd 1262481",
  "10 maze "8"                  vga 70aaf559 rnd 10213011",
  "11 maze "8"                  vga 70aaf559 rnd 6410661",
  "12 maze "4"                  vga dc496793 rnd 9893191",
  "13 maze "8"                  vga dc496793 rnd 3081721",
  "14 maze "8"                  vga dc496793 rnd 9432123",
  "15 maze "8"                  vga dc496793 rnd 12768397",
  "16 maze "8"                  vga dc496793 rnd 3034991",
  "17 maze "2"                  text 5dda8d98 rnd 2191713",
  "18 text " "                  text 3d3c8793 rnd 2191713",
  "19 text "a"                  text 4a0b4c6f rnd 7803418",
  "20 text "a"                  text 803b1397 rnd 2474340",
  "21 text "m"                  text 56e329e3 rnd 3483081",
  "22 text "a"                  text 2a6f6e54 rnd 13953826",
  "23 text "d"                  text 76872e53 rnd 13953826",
  "24 text "a"                  vga 4a3da116 rnd 11612458",
  "25 maze "2"                  vga 4a3da116 rnd 13588724",
  "26 maze "2"                  vga 4a3da116 rnd 4771598",
  "27 maze "2"                  vga 4a3da116 rnd 13141496",
  "28 maze "8"                  vga 4a3da116 rnd 13960242",
  "29 maze "8"                  vga 4a3da116 rnd 13435964",
  "30 maze "8"                  vga 4a3da116 rnd 13178006",
  "31 maze "8"                  vga 4a3da116 rnd 9058240",
  "32 maze "6"                  vga af8843c0 rnd 14517306",
  "33 maze "8"                  vga af8843c0 rnd 1885316",
  "34 maze "8"                  vga af8843c0 rnd 11802398",
  "35 maze "8"                  vga af8843c0 rnd 13930120",
  "36 maze "6"                  vga 7c6993e0 rnd 12308802",
  "37 maze "6"                  vga 2be6f1ee rnd 3717580",
  "38 maze "6"                  vga 4a3da116 rnd 5568166",
  "39 maze "6"                  vga af8843c0 rnd 4958800",
  "40 maze "8"                  vga af8843c0 rnd 3476298",
  "41 maze "4"                  vga 4a3da116 rnd 984084",
  "42 maze "4"                  vga 2be6f1ee rnd 709422",
  "43 maze "4"                  vga 7c6993e0 rnd 4696856",
  "44 maze "4"                  vga af8843c0 rnd 6443602",
  "45 maze "2"                  vga a3bf67d0 rnd 8504156",
  "46 maze "2"                  vga 4d063a50 rnd 13159606",
  "47 maze "2"                  vga ec9c7978 rnd 5550304",
  "48 maze "2"                  vga 217f49b8 rnd 3196506",
  "49 maze "8"                  vga ec9c7978 rnd 15144868",
  "50 maze "8"                  vga 4d063a50 rnd 9831230",
  "51 maze "8"                  vga a3bf67d0 rnd 11721640",
  "52 maze "8"                  text 2f342cfa rnd 14780258",
  "53 text " "                  text 5d57d2d1 rnd 14780258",
  "54 text "a"                  text 060c8e1a rnd 2288639",
  "55 text "r"                  text b5b9e724 rnd 14044016",
  "56 text "a"                  text b0fe8ddb rnd 14044016",
  "57 text "a"                  text 0def8468 rnd 11428057",
  "58 text "y"                  text 57dd9505 rnd 11428057",
  "59 text "m"                  vga 4e6cec77 rnd 15147064",
  "60 maze "6"                  vga 1e8c0174 rnd 9597042",
  "61 maze "6"                  vga 7bea35fa rnd 7328380",
  "62 maze "6"                  vga e56fb485 rnd 5002454",
  "63 maze "8"                  vga ccd6809b rnd 4291072",
  "64 maze "8"                  vga 35ebed7d rnd 3725434",
  "65 maze "8"                  vga e39a533c rnd 9222852",
  "66 maze "8"                  vga c72e8199 rnd 11386718",
  "67 maze "4"                  vga 72205e7f rnd 16087240",
  "68 maze "8"                  vga 3ac73b5f rnd 920962",
  "69 maze "8"                  vga d240f82f rnd 9885708",
  "70 maze "8"                  vga 127418cd rnd 15599334",
  "71 maze "8"                  vga 687b8ca8 rnd 4668560",
  "72 maze "2"                  vga 565d922c rnd 7810954",
  "73 maze "2"                  vga 1e570a6e rnd 1854036",
  "74 maze "2"                  vga 3368bcc0 rnd 805742",
  "75 maze "2"                  vga d82667b1 rnd 3073368",
  "76 maze "8"                  vga 312b28a4 rnd 2973330",
  "77 maze "8"                  vga c9359956 rnd 10432924",
  "78 maze "8"                  vga 1f01bd52 rnd 10202358",
  "79 maze "8"                  vga c63dcae6 rnd 14193440",
  "80 maze "6"                  vga 60692f98 rnd 12434074",
  "81 maze "8"                  vga 48485a01 rnd 1420772",
  "82 maze "8"                  text 2f342cfa rnd 4410238",
  "83 text " "                  text 22a250ee rnd 4410238",
  "84 text "a"                  text 439e1919 rnd 2385384",
  "85 text "d"                  text c59f3338 rnd 615330",
  "86 text "a"                  text 1c4b8431 rnd 4829503",
  "87 text "a"                  text cea3de16 rnd 2522544",
  "88 text "r"                  text 53b7daac rnd 2522544",
  "89 text "a"                  vga c5ba15ff rnd 10943096",
  "90 maze "8"                  vga 7102d41f rnd 16456882",
  "91 maze "6"                  vga f436abed rnd 1564860",
  "92 maze "6"                  vga f47b88b5 rnd 16700694",
  "93 maze "6"                  vga a04a5d37 rnd 10615872",
  "94 maze "6"                  vga 7102d41f rnd 8875194",
  "95 maze "8"                  vga 1765ecef rnd 9040132",
  "96 maze "4"                  vga a04a5d37 rnd 10397598",
  "97 maze "4"                  vga 1a152f05 rnd 13083400",
  "98 maze "4"                  vga ea3d764d rnd 10193346",
  "99 maze "4"                  vga 1765ecef rnd 669260",
  "100 maze "2"                 vga 7102d41f rnd 4609830",
  "101 maze "2"                 vga c5ba15ff rnd 16518864",
  "102 maze "2"                 vga 6feb1cef rnd 3969994",
  "103 maze "2"                 vga c83f181f rnd 13029524",
  "104 maze "8"                 vga 6feb1cef rnd 9765806",
  "105 maze "8"                 vga c5ba15ff rnd 14114712",
  "106 maze "8"                 vga 7102d41f rnd 12823250",
  "107 maze "8"                 vga 1765ecef rnd 14802908",
  "108 maze "6"                 text 6b3d6793 rnd 12438838",
  "109 text " "                 text 039b7479 rnd 12438838",
  "110 text "a"                 text a4b6dc66 rnd 2471264",
  "111 text "m"                 text a18854ee rnd 9288245",
  "112 text "a"                 text 50de2f54 rnd 512958",
  "113 text "d"                 text 286c87bb rnd 14724683",
  "114 text "a"                 text afff0ebf rnd 14724683",
  "115 text "a"                 text c38b3063 rnd 14724683",
  "116 text "r"                 text c2d019c5 rnd 9207778",
  "117 text "a"                 vga 459e9763 rnd 7350045",
  "118 maze "6"                 vga 7da499cb rnd 13678207",
  "119 maze "6"                 vga 1b71c12d rnd 11899121",
  "120 maze "8"                 vga 1b71c12d rnd 12553971",
  "121 maze "8"                 vga 1b71c12d rnd 9063685",
  "122 maze "8"                 vga 1b71c12d rnd 2247591",
  "123 maze "8"                 vga 1b71c12d rnd 2887513",
  "124 maze "4"                 vga 7da499cb rnd 4472987",
  "125 maze "8"                 vga 351a2d4b rnd 6343661",
  "126 maze "8"                 text 3693da13 rnd 3867087",
  "127 text " "                 text 15151c62 rnd 3867087",
  "128 text "a"                 text 32668035 rnd 702145",
  "129 text "m"                 text b8f0f29b rnd 1729347",
  "130 text "a"                 text 419bf4dc rnd 5531460",
  "131 text "d"                 text ff30f651 rnd 5531460",
  "132 text "a"                 vga 25f722d3 rnd 13816972",
  "133 maze "8"                 vga 87a849e3 rnd 10348390",
  "134 maze "8"                 vga 8463a013 rnd 11149584",
  "135 maze "2"                 vga 87a849e3 rnd 12924938",
  "136 maze "2"                 vga 25f722d3 rnd 5150420",
  "137 maze "2"                 vga be240aab rnd 15006702",
  "138 maze "2"                 vga 06ae772b rnd 8460760",
  "139 maze "8"                 vga be240aab rnd 6633234",
  "140 maze "8"                 vga 25f722d3 rnd 9031196",
  "141 maze "8"                 vga 87a849e3 rnd 7286134",
  "142 maze "8"                 vga 8463a013 rnd 8132512",
  "143 maze "6"                 vga 354e1efd rnd 5333786",
  "144 maze "8"                 vga 354e1efd rnd 12229220",
  "145 maze "8"                 vga 354e1efd rnd 2333694",
  "146 maze "8"                 vga 354e1efd rnd 12270184",
  "147 maze "6"                 vga 43e4e715 rnd 11197474",
  "148 maze "6"                 vga a9f4a50b rnd 727980",
  "149 maze "6"                 vga 8463a013 rnd 8218502",
  "150 maze "6"                 vga 354e1efd rnd 9609776",
  "tour (commands menu) "c"     text d6ee6c66 rnd 6734378",
  "tour (hints) "h"             text 8a470819 rnd 6734378",
  "tour (hint) "b"              text 7f082ad4 rnd 6734378",
  "tour (hint 2) " "            text 008de4e9 rnd 6734378",
  "tour (hint 3) " "            text bb09dc37 rnd 6734378",
  "tour (hint end) " "          text 9768af7e rnd 6734378",
  "tour (sound off) "e"         text abcb2e4c rnd 6734378",
  "tour (eagle eye) "m"         text b23b7a8c rnd 6734378",
  "tour (caster) "y"            vga 354e1efd rnd 6734378",
  "tour (spell) "3\\r"           vga 354e1efd rnd 765966",
  "tour (5x5) "1\\r"             vga 354e1efd rnd 13514034",
  "tour (back) " "              vga 354e1efd rnd 7847228",
  "tour (location) "m"          text 33bf2d3e rnd 15832470",
  "tour (caster) "y"            text 8c911efb rnd 15832470",
  "tour (spell) "2\\r"           text 0aafbffd rnd 15832470",
  "tour (quadrant) "1\\r"        text 105370ed rnd 15832470",
  "tour (back) " "              vga 1b538f7d rnd 15832470",
  "tour (potions) "d"           text 72477aaa rnd 6209728",
  "tour (no potion) "\\r"        text 72477aaa rnd 6209728",
  "tour (back) " "              vga 41a61531 rnd 6209728",
  "tour (save) "s"              text fd8b8ce0 rnd 16667962",
  "tour (saved) "GOLDEN\\r"      vga e674596e rnd 16667962",
  "tour (back) " "              vga 804a4bfd rnd 2891140",
  "tour (restore) "r"           text 62f0008d rnd 6699038",
  "tour (restored) "GOLDEN\\r"   vga e674596e rnd 2027113",
  "tour (walk) "8"              vga 804a4bfd rnd 7116843",
  "tour (quit?) "q"             text 2b24ee66 rnd 6184957",
  "tour (no) "n"                vga a78aa21a rnd 6184957",
  "tour (quit) "q"              text 2b24ee66 rnd 4961887",
  "tour (yes) "y"               text c86e5fae rnd 4961887",
  "tour (scores) " "            text c86e5fae rnd 4961887",
  "outcome: END",
]
`;

exports[`playthroughs > a magic user's new game 1`] = `
[
  "restore or start             text 678da98e rnd 1234567",
  "names                        text 056f0042 rnd 1234567",
  "magic user                   text 234494bd rnd 1234567",
  "stats                        text bb96482a rnd 9914204",
  "no instructions              text 03682f1d rnd 16025525",
  "story                        text d9417dc5 rnd 16025525",
  "maze                         text bd0ccb9d rnd 16025525",
  "1 text "y\\r"                 text b4caf66c rnd 16025525",
  "2 text " "                   text 0ad510db rnd 13835172",
  "3 text " "                   vga 6f302de1 rnd 8529726",
  "4 maze "8"                   vga 6f302de1 rnd 10493864",
  "5 maze "8"                   vga 6f302de1 rnd 14216034",
  "6 maze "8"                   vga 6f302de1 rnd 14394604",
  "7 maze "8"                   vga 6f302de1 rnd 9714374",
  "8 maze "6"                   vga a3f0c693 rnd 3280752",
  "9 maze "6"                   vga fc8f6afb rnd 6527338",
  "10 maze "6"                  vga 675a2ff1 rnd 7275316",
  "11 maze "8"                  vga 675a2ff1 rnd 1035086",
  "12 maze "8"                  vga 675a2ff1 rnd 4285496",
  "13 maze "8"                  vga 675a2ff1 rnd 6214770",
  "14 maze "8"                  vga 675a2ff1 rnd 4150908",
  "15 maze "4"                  vga fc8f6afb rnd 3668182",
  "16 maze "8"                  vga fc8f6afb rnd 2768384",
  "17 maze "8"                  vga fc8f6afb rnd 507002",
  "18 maze "8"                  vga fc8f6afb rnd 7519940",
  "19 maze "8"                  vga fc8f6afb rnd 6546270",
  "20 maze "2"                  vga fc8f6afb rnd 16563400",
  "21 maze "2"                  vga fc8f6afb rnd 15692162",
  "22 maze "2"                  vga fc8f6afb rnd 2317324",
  "23 maze "2"                  vga fc8f6afb rnd 8301286",
  "24 maze "8"                  vga fc8f6afb rnd 16580752",
  "25 maze "8"                  vga fc8f6afb rnd 8065930",
  "26 maze "8"                  vga fc8f6afb rnd 14634580",
  "27 maze "8"                  vga fc8f6afb rnd 8875886",
  "28 maze "6"                  vga 675a2ff1 rnd 2304344",
  "29 maze "8"                  vga 675a2ff1 rnd 6537874",
  "30 maze "8"                  vga 675a2ff1 rnd 2667932",
  "31 maze "8"                  vga 675a2ff1 rnd 1134838",
  "32 maze "6"                  vga 6f302de1 rnd 10180384",
  "33 maze "6"                  vga a3f0c693 rnd 3579546",
  "34 maze "6"                  vga fc8f6afb rnd 16101860",
  "35 maze "6"                  vga 675a2ff1 rnd 12808062",
  "36 maze "8"                  vga 675a2ff1 rnd 4565480",
  "37 maze "4"                  vga fc8f6afb rnd 13944738",
  "38 maze "4"                  vga a3f0c693 rnd 3171116",
  "39 maze "4"                  text 2f342cfa rnd 14215942",
  "40 text " "                  text 7c1da3be rnd 14215942",
  "41 text "a"                  text 5dfa4e49 rnd 3555760",
  "42 text "a"                  text 437251a0 rnd 13413829",
  "43 text "m"                  text bed6bf16 rnd 10544014",
  "44 text "a"                  text dea15121 rnd 10544014",
  "45 text "d"                  text ab2258e1 rnd 4153487",
  "46 text "a"                  text 488ac4c8 rnd 4153487",
  "47 text "y"                  vga 08ab4852 rnd 16677142",
  "48 maze "4"                  vga a56d04f2 rnd 4112448",
  "49 maze "2"                  vga 9963bb32 rnd 11161786",
  "50 maze "2"                  text 5dda8d98 rnd 6550788",
  "51 text " "                  text e2467cb2 rnd 6550788",
  "52 text "a"                  text 6b8ac62f rnd 4535273",
  "53 text "r"                  text 9e92244f rnd 68011",
  "54 text "a"                  text fc35bdaa rnd 703052",
  "55 text "a"                  text b3405c17 rnd 4638033",
  "56 text "m"                  text 41e54612 rnd 4638033",
  "57 text "a"                  text ec335f2d rnd 10758062",
  "58 text "d"                  text 55e27da6 rnd 10758062",
  "59 text "a"                  vga 19204524 rnd 5726137",
  "60 maze "2"                  vga b48cf4da rnd 7410683",
  "61 maze "2"                  vga a0efda48 rnd 13843021",
  "62 maze "m"                  text 851c5cde rnd 1565487",
  "63 text "n"                  text c3bfaadb rnd 1565487",
  "64 text "1\\r"                text 3a1ba1e9 rnd 1565487",
  "65 text "1\\r"                text 94b628d6 rnd 1565487",
  "66 text "1\\r"                text bcb1002a rnd 1565487",
  "67 text "1\\r"                text d13c336e rnd 1565487",
  "68 text "1\\r"                text 1b056312 rnd 1565487",
  "69 text "1\\r"                text 86f9ca26 rnd 1565487",
  "70 text "1\\r"                text 8baf39ba rnd 1565487",
  "71 text "1\\r"                text e5c0877e rnd 1565487",
  "72 text "1\\r"                text e5b1e4a2 rnd 1565487",
  "73 text "1\\r"                text 5587c618 rnd 1565487",
  "74 text "1\\r"                text 726d5c94 rnd 1565487",
  "75 text "1\\r"                text 400e1593 rnd 1565487",
  "76 text "1\\r"                text 410cc70b rnd 1565487",
  "77 text "1\\r"                text 408f53a4 rnd 1565487",
  "78 text "0\\r"                text 5412cd01 rnd 1565487",
  "79 text " "                  vga 0cfdd83f rnd 1565487",
  "80 maze "d"                  text f418a105 rnd 6136609",
  "81 text "white\\r"            text bb36efa2 rnd 6136609",
  "82 text " "                  vga a62e5a55 rnd 6136609",
  "83 maze "8"                  vga b5168337 rnd 766627",
  "84 maze "8"                  vga 8e8ae6ea rnd 11996725",
  "85 maze "8"                  vga 0a46477b rnd 3184215",
  "86 maze "8"                  vga 7cfc7009 rnd 274313",
  "87 maze "6"                  vga b0e5cab9 rnd 15786571",
  "88 maze "6"                  vga 8788d05f rnd 2226973",
  "89 maze "6"                  vga 0e2a6065 rnd 3222143",
  "90 maze "8"                  vga a29a7900 rnd 3777777",
  "91 maze "8"                  vga 259ec624 rnd 8667891",
  "92 maze "8"                  vga 0be83ad6 rnd 9740549",
  "93 maze "8"                  vga 08a5f5c0 rnd 10436519",
  "94 maze "4"                  vga b9c3efd9 rnd 11576153",
  "95 maze "8"                  text 5dda8d98 rnd 881819",
  "96 text " "                  text 07eecea3 rnd 881819",
  "97 text "a"                  text 0cf2a297 rnd 12366588",
  "98 text "r"                  text edb334c8 rnd 12366588",
  "99 text "a"                  text 0482e29b rnd 2594773",
  "100 text "a"                 vga d2fabf8c rnd 2255684",
  "101 maze "8"                 vga a16b94de rnd 10810334",
  "102 maze "8"                 text f5f5fac4 rnd 16404808",
  "103 text " "                 text de0e5213 rnd 16404808",
  "104 text "m"                 text 33c68dc9 rnd 16404808",
  "105 text "y"                 text 0cfc9f05 rnd 16404808",
  "106 text "3\\r"               text 356e9931 rnd 2992642",
  "107 text "1\\r"               text ef21fc4b rnd 2992642",
  "108 text "a"                 text ef21fc4b rnd 2992642",
  "109 text "d"                 text cb2f6377 rnd 2992642",
  "110 text "blue\\r"            text 54e813f8 rnd 2992642",
  "111 text " "                 text ef21fc4b rnd 2992642",
  "112 text "a"                 text 59839faa rnd 13550879",
  "113 text "a"                 text f2dbbbb5 rnd 13100304",
  "114 text "r"                 text ac1e9e73 rnd 12907173",
  "115 text "a"                 text 5169022e rnd 8921070",
  "116 text "a"                 text ad66eb46 rnd 8921070",
  "117 text "m"                 text 8151cb2a rnd 8921070",
  "118 text "a"                 text d92259ec rnd 9495867",
  "119 text "d"                 text 16d98071 rnd 9495867",
  "120 text "a"                 vga 8ad9d02a rnd 4557795",
  "121 maze "8"                 vga a85c3d73 rnd 110965",
  "122 maze "2"                 vga 58b1dd96 rnd 2249623",
  "123 maze "2"                 vga 4bd9e764 rnd 6674121",
  "124 maze "2"                 vga d82f2a5c rnd 5358475",
  "125 maze "2"                 vga 219954a4 rnd 779869",
  "126 maze "8"                 vga d3a5f062 rnd 16543679",
  "127 maze "8"                 vga a542334f rnd 8459313",
  "128 maze "8"                 text 3693da13 rnd 3746867",
  "129 text " "                 text efc9e334 rnd 3746867",
  "130 text "a"                 text 5d892d2d rnd 4093428",
  "131 text "r"                 text e5766ef7 rnd 4093428",
  "132 text "a"                 text 58272561 rnd 10165037",
  "133 text "a"                 text 174fa257 rnd 10165037",
  "134 text "m"                 text 95aed2e0 rnd 10165037",
  "135 text "a"                 vga 1d7ab60d rnd 10699068",
  "136 maze "8"                 vga dbf9154b rnd 1653142",
  "137 maze "6"                 text 2f342cfa rnd 6522048",
  "138 text " "                 text a68677eb rnd 6522048",
  "139 text "d"                 text d9eebe7a rnd 6522048",
  "140 text "grey\\r"            text ed589913 rnd 6522048",
  "141 text "1"                 text e3dee240 rnd 6522048",
  "142 text "1"                 text a68677eb rnd 6522048",
  "143 text "a"                 text 554cf4ba rnd 15555349",
  "144 text "a"                 text bef41689 rnd 14179358",
  "145 text "r"                 text f912b557 rnd 14179358",
  "146 text "a"                 text bef59f3c rnd 10627679",
  "147 text "a"                 vga f22c2328 rnd 88998",
  "148 maze "8"                 vga 44524b1d rnd 6502224",
  "149 maze "8"                 vga 616838fc rnd 5308490",
  "150 maze "8"                 text 73765022 rnd 9609492",
  "151 text " "                 text 788cecac rnd 9609492",
  "152 text "m"                 text da08a854 rnd 9609492",
  "153 text "y"                 text 0cfc9f05 rnd 9609492",
  "154 text "9\\r"               text 0189081d rnd 9609492",
  "155 text "2\\r"               text 32a85bdc rnd 10029959",
  "156 text "3\\r"               text 788cecac rnd 10029959",
  "157 text "a"                 text 788cecac rnd 10029959",
  "158 text "d"                 text d9eebe7a rnd 10029959",
  "159 text "yellow\\r"          text 874408c3 rnd 10029959",
  "160 text " "                 text 788cecac rnd 10029959",
  "161 text "a"                 text e214be26 rnd 4967993",
  "162 text "a"                 text 214eab73 rnd 288594",
  "163 text "r"                 text 59093b76 rnd 9604527",
  "164 text "a"                 text c4898547 rnd 9604527",
  "165 text "a"                 text d16eb4ed rnd 7140516",
  "166 text "y"                 vga 05b65137 rnd 9195735",
  "167 maze "6"                 vga 92aa85a1 rnd 1230910",
  "168 maze "6"                 vga d21b314d rnd 114185",
  "169 maze "6"                 vga 49d8a6d9 rnd 1951912",
  "170 maze "6"                 vga b1f6b44c rnd 12510411",
  "171 maze "8"                 vga bee7c6ec rnd 15457378",
  "172 maze "4"                 vga 251f5884 rnd 6558109",
  "173 maze "4"                 vga 676de3a6 rnd 7216620",
  "174 maze "4"                 vga 01b5991e rnd 11007231",
  "175 maze "4"                 vga bee7c6ec rnd 14842822",
  "176 maze "2"                 vga 176a552c rnd 11191153",
  "177 maze "2"                 vga 8e165bfc rnd 5920880",
  "178 maze "2"                 vga 72b52c9c rnd 14833011",
  "179 maze "2"                 vga 1a691d3c rnd 7744106",
  "180 maze "m"                 text b6204c1b rnd 6768517",
  "181 text "n"                 text 60b2c3da rnd 6768517",
  "182 text "4\\r"               text 4b1897b0 rnd 6768517",
  "183 text " "                 vga 1a691d3c rnd 6768517",
  "184 maze "d"                 text dda201cf rnd 16653364",
  "185 text "red\\r"             text b1dc54f0 rnd 16653364",
  "186 text " "                 vga 1a691d3c rnd 16653364",
  "187 maze "8"                 vga 72b52c9c rnd 11213351",
  "188 maze "8"                 vga 8e165bfc rnd 4172878",
  "189 maze "8"                 vga 176a552c rnd 14635481",
  "190 maze "8"                 vga bee7c6ec rnd 5786936",
  "191 maze "6"                 vga 01b5991e rnd 9803547",
  "192 maze "6"                 vga 676de3a6 rnd 13960562",
  "193 maze "6"                 vga 251f5884 rnd 6346349",
  "194 maze "8"                 vga 251f5884 rnd 5181308",
  "195 maze "8"                 vga 251f5884 rnd 8347727",
  "196 maze "8"                 vga 251f5884 rnd 15563222",
  "197 maze "8"                 vga 251f5884 rnd 14027073",
  "198 maze "4"                 vga 676de3a6 rnd 15976192",
  "199 maze "8"                 vga 5037a286 rnd 12863939",
  "200 maze "8"                 vga 82168afe rnd 12946810",
  "201 maze "8"                 vga f614a20e rnd 10051157",
  "202 maze "8"                 vga e890d77e rnd 464836",
  "203 maze "2"                 vga f614a20e rnd 11691895",
  "204 maze "2"                 vga 82168afe rnd 12780638",
  "205 maze "2"                 vga 5037a286 rnd 9013673",
  "206 maze "2"                 vga 676de3a6 rnd 12379592",
  "207 maze "8"                 vga 5037a286 rnd 4066667",
  "208 maze "8"                 vga 82168afe rnd 5825154",
  "209 maze "8"                 vga f614a20e rnd 6127421",
  "210 maze "8"                 vga e890d77e rnd 12604684",
  "211 maze "6"                 vga c7401884 rnd 16109471",
  "212 maze "8"                 vga c7401884 rnd 2845670",
  "213 maze "8"                 vga c7401884 rnd 3699473",
  "214 maze "8"                 vga c7401884 rnd 7850384",
  "215 maze "6"                 vga 1a691d3c rnd 3572243",
  "216 maze "6"                 vga e0dad556 rnd 7611530",
  "217 maze "6"                 vga e890d77e rnd 8247589",
  "218 maze "6"                 vga c7401884 rnd 8972116",
  "219 maze "8"                 vga c7401884 rnd 10434759",
  "220 maze "4"                 vga e890d77e rnd 10866798",
  "221 maze "4"                 text c4a08d67 rnd 10866798",
  "222 text " "                 text 106df04b rnd 15033721",
  "223 text " "                 text 40fc9a88 rnd 15033721",
  "224 text "m"                 text 286e4d42 rnd 15033721",
  "225 text "y"                 text 0cfc9f05 rnd 15033721",
  "226 text "1\\r"               text 603f2589 rnd 12928955",
  "227 text "9\\r"               text 90b1e152 rnd 12928955",
  "228 text "a"                 text 90b1e152 rnd 12928955",
  "229 text "d"                 text dda201cf rnd 12928955",
  "230 text "purple\\r"          text 3b5375bd rnd 12928955",
  "231 text "1"                 text e815a8ab rnd 12928955",
  "232 text "1"                 text db336ca5 rnd 12928955",
  "233 text "a"                 text 02fb951e rnd 6483612",
  "234 text "a"                 text f2ac55ae rnd 14090465",
  "235 text "r"                 text 9f1ea7d3 rnd 16445338",
  "236 text "a"                 text 12567f35 rnd 16445338",
  "237 text "a"                 vga ca989559 rnd 6978781",
  "238 maze "4"                 vga 4ce2c5fb rnd 7584319",
  "239 maze "4"                 vga e9d8638d rnd 16167601",
  "240 maze "2"                 vga 000df6d0 rnd 12566195",
  "241 maze "2"                 vga df624e10 rnd 15858373",
  "242 maze "2"                 vga ffac9e88 rnd 6121319",
  "243 maze "2"                 vga 9fb2a348 rnd 8784153",
  "244 maze "m"                 text b6204c1b rnd 14944347",
  "245 text "y"                 text 60b2c3da rnd 14944347",
  "246 text "3\\r"               text d837c72a rnd 14944347",
  "247 text "1\\r"               text 822342df rnd 14944347",
  "248 text " "                 vga 4a50549c rnd 14944347",
  "249 maze "d"                 text 15185148 rnd 2412973",
  "250 text "green\\r"           text ef139bd7 rnd 2412973",
  "outcome: still running",
]
`;

exports[`playthroughs > level 4 to the exit, and the fight with Beldan 1`] = `
[
  "restore listing              text 822d5006 rnd 4242",
  "restored                     vga e9f9dfa1 rnd 10400751",
  "1 maze "8"                   text 96e1b21e rnd 15268321",
  "2 text " "                   text 601436c1 rnd 15268321",
  "3 text " "                   text b452a2ef rnd 15268321",
  "4 text " "                   text 2d6d8ce0 rnd 15268321",
  "5 text " "                   text 8dd6d931 rnd 15268321",
  "6 text "a"                   text 8db6d54a rnd 15268321",
  "7 text "a"                   text 655368dc rnd 2719989",
  "8 text "m"                   text 7269bc64 rnd 5668425",
  "9 text "a"                   text 30032da2 rnd 13870859",
  "10 text "d"                  text 28be7c6d rnd 11365183",
  "11 text "a"                  text 354e3b6f rnd 5291955",
  "12 text "a"                  text 3f8d4420 rnd 7537605",
  "13 text "r"                  text 36190af8 rnd 1828724",
  "14 text "a"                  text 72ad4d5b rnd 1828724",
  "15 text "a"                  text aad50738 rnd 1828724",
  "16 text "m"                  text 8132aa31 rnd 9353319",
  "17 text "a"                  text aad50738 rnd 9353319",
  "18 text "d"                  text 2224ac49 rnd 9353319",
  "19 text "white\\r"            text 91cfb906 rnd 9353319",
  "20 text "1"                  text 99e0057e rnd 9353319",
  "21 text "1"                  text 99e0057e rnd 14537102",
  "22 text "1"                  text 51b4bb4e rnd 14537102",
  "23 text "a"                  text 188c7b21 rnd 13543771",
  "24 text "a"                  text 2c6f27f7 rnd 140943",
  "25 text "r"                  text 86acd384 rnd 14222339",
  "26 text "a"                  text fa923b2c rnd 3495351",
  "27 text "a"                  text aea2b240 rnd 12794270",
  "28 text "m"                  text cbe7a573 rnd 12794270",
  "29 text "a"                  text 8a6fde80 rnd 12794270",
  "30 text "d"                  text 4cbb0f9b rnd 12794270",
  "31 text "blue\\r"             text e43c2161 rnd 12794270",
  "32 text "1"                  text 519f7b6e rnd 15591913",
  "33 text "1"                  text 519f7b6e rnd 6341896",
  "34 text "1"                  text d9457916 rnd 13482946",
  "35 text "1"                  text 2b13b0ee rnd 13482946",
  "36 text "a"                  text 54407d6e rnd 13117734",
  "37 text "a"                  text 2dddb7d2 rnd 15730122",
  "38 text "r"                  text 06eea33c rnd 16520622",
  "39 text "a"                  text a51fce21 rnd 23762",
  "40 text "a"                  text 04ac828e rnd 16011341",
  "41 text "m"                  text 1207b469 rnd 16011341",
  "42 text "a"                  text eac97bce rnd 16011341",
  "43 text "d"                  text 42117820 rnd 16011341",
  "44 text "grey\\r"             text 61125321 rnd 16011341",
  "45 text "1"                  text a936bf98 rnd 16011341",
  "46 text "1"                  text a936bf98 rnd 5513692",
  "47 text "1"                  text 290b25c6 rnd 9576246",
  "48 text "1"                  text df588245 rnd 9576246",
  "49 text "a"                  text c7b7566f rnd 2875610",
  "50 text "a"                  text 934574f6 rnd 13723070",
  "51 text "r"                  text 7319fcca rnd 15970786",
  "52 text "a"                  text ff437a02 rnd 9767238",
  "53 text "a"                  text d91162cb rnd 11082481",
  "54 text "m"                  text 2de64a1c rnd 11082481",
  "55 text "a"                  text ec96218b rnd 11082481",
  "56 text "d"                  text d354a848 rnd 11082481",
  "57 text "yellow\\r"           text 6adbd704 rnd 11082481",
  "58 text " "                  text 6adbd704 rnd 1921520",
  "59 text " "                  text ec96218b rnd 1921520",
  "60 text "a"                  text fcb616d0 rnd 2559412",
  "61 text "a"                  text 60c11588 rnd 4503224",
  "62 text "r"                  text 3b93e139 rnd 47858",
  "63 text "a"                  text 3e4f81ca rnd 16377686",
  "64 text "a"                  text c0b1f86d rnd 7090938",
  "65 text "m"                  text 40588b6c rnd 2025796",
  "66 text "a"                  text 639e6ffb rnd 9499383",
  "67 text "d"                  text afde75ac rnd 9499383",
  "68 text "a"                  text 6bbd0ebb rnd 9499383",
  "69 text "a"                  text b1a5b480 rnd 12595435",
  "70 text "r"                  text 43a7ccb0 rnd 12258079",
  "71 text "a"                  text 87999d4b rnd 10660362",
  "72 text "a"                  text 3d722e47 rnd 15379705",
  "73 text "m"                  text 16023464 rnd 703448",
  "74 text "a"                  text d6b6b449 rnd 52027",
  "75 text "d"                  text d6b6b449 rnd 780562",
  "76 text "a"                  text 29b2ce75 rnd 780562",
  "77 text "a"                  text 1c67bb76 rnd 780562",
  "78 text "r"                  text 547bd125 rnd 780562",
  "79 text "a"                  text 547bd125 rnd 5417869",
  "80 text "a"                  text 01236aba rnd 11931676",
  "81 text "m"                  text 01236aba rnd 9756271",
  "82 text "a"                  text b5e810cf rnd 9756271",
  "83 text "d"                  text c6a30bdd rnd 9756271",
  "84 text "red\\r"              text 87e928de rnd 9756271",
  "85 text "1"                  text 8e3ba611 rnd 9756271",
  "86 text "1"                  text 8e3ba611 rnd 13924449",
  "87 text "1"                  text 387ea83e rnd 13924449",
  "88 text "a"                  text 090f1235 rnd 4332644",
  "89 text "a"                  text 76d493c3 rnd 12004862",
  "90 text "r"                  text fee921a3 rnd 16518690",
  "91 text "a"                  text f612d50c rnd 16518690",
  "92 text " "                  text 3ea6d86b rnd 16518690",
  "93 text " "                  text 063a1d71 rnd 16518690",
  "94 text " "                  text 48780f65 rnd 16518690",
  "95 text " "                  text d0e5c9b1 rnd 16518690",
  "96 text " "                  text b2a70901 rnd 16518690",
  "97 text " "                  text b52176f2 rnd 16518690",
  "98 text " "                  text 4a57e505 rnd 16518690",
  "outcome: END",
]
`;

exports[`playthroughs > magic, potions and mishaps from a save 1`] = `
[
  "restore listing              text 822d5006 rnd 777",
  "restored                     text 0ad510db rnd 7797160",
  "1 text " "                   vga 264bd58d rnd 16160098",
  "2 maze "2"                   vga 264bd58d rnd 16162540",
  "3 maze "2"                   vga 264bd58d rnd 1508550",
  "4 maze "6"                   vga 0d43cfaf rnd 14362992",
  "5 maze "m"                   text a014a5d0 rnd 15041386",
  "6 text "y"                   text 493c812d rnd 15041386",
  "7 text "1\\r"                 text 2aa810dd rnd 15041386",
  "8 text "1\\r"                 text effa9892 rnd 15041386",
  "9 text "1\\r"                 text ebc237a6 rnd 15041386",
  "10 text "1\\r"                text 2309573a rnd 15041386",
  "11 text "1\\r"                text de454cfe rnd 15041386",
  "12 text "1\\r"                text 3ea98a22 rnd 15041386",
  "13 text "1\\r"                text cbf85976 rnd 15041386",
  "14 text "1\\r"                text ad185dca rnd 15041386",
  "15 text "1\\r"                text 3ae3f48e rnd 15041386",
  "16 text "1\\r"                text 58ab1c78 rnd 15041386",
  "17 text "1\\r"                text 726d5c94 rnd 15041386",
  "18 text "1\\r"                text 400e1593 rnd 15041386",
  "19 text "1\\r"                text 410cc70b rnd 15041386",
  "20 text "1\\r"                text 408f53a4 rnd 15041386",
  "21 text "0\\r"                text 5412cd01 rnd 15041386",
  "22 text " "                  vga 0d43cfaf rnd 15041386",
  "23 maze "6"                  vga 06398227 rnd 1064244",
  "24 maze "2"                  vga 06398227 rnd 4904270",
  "25 maze "d"                  text e80fa29a rnd 6602296",
  "26 text "white\\r"            text d9f92c35 rnd 6602296",
  "27 text "1"                  text 15a8d131 rnd 6602296",
  "28 text "1"                  vga 06398227 rnd 6602296",
  "29 maze "6"                  vga 0afc779d rnd 2948722",
  "30 maze "4"                  vga 06398227 rnd 9359484",
  "31 maze "m"                  text f5f5fac4 rnd 9650902",
  "32 text " "                  text 6d93bbaf rnd 9650902",
  "33 text "a"                  text b142f132 rnd 13899459",
  "34 text "a"                  text a1c75ddd rnd 9992388",
  "35 text "m"                  text 270aac39 rnd 14700201",
  "36 text "a"                  text 66526c3b rnd 14700201",
  "37 text "d"                  text c88f15a8 rnd 5403878",
  "38 text "a"                  text d8e2cf98 rnd 2578449",
  "39 text "y"                  text 6050d845 rnd 2578449",
  "40 text "4\\r"                text 4b1897b0 rnd 2578449",
  "41 text " "                  vga 8f6c49a9 rnd 2578449",
  "42 maze "2"                  vga a5f9ab03 rnd 10784531",
  "43 maze "2"                  vga bdfcd496 rnd 10767909",
  "44 maze "6"                  vga bcb535f3 rnd 8476103",
  "45 maze "m"                  text 34d68651 rnd 10513017",
  "46 text "n"                  text 836b6868 rnd 10513017",
  "47 text "3\\r"                text d837c72a rnd 10513017",
  "48 text "1\\r"                text 7da1de07 rnd 10513017",
  "49 text "1\\r"                text 591c638a rnd 10513017",
  "50 text "1\\r"                text 461edb67 rnd 10513017",
  "51 text "1\\r"                text 57eb486a rnd 10513017",
  "52 text "1\\r"                text 4b17eac7 rnd 10513017",
  "53 text "1\\r"                text 803b09ca rnd 10513017",
  "54 text "1\\r"                text d20f6827 rnd 10513017",
  "55 text "1\\r"                text 2101faaa rnd 10513017",
  "56 text "0\\r"                text 43ce6492 rnd 10513017",
  "57 text " "                  vga b42e0af9 rnd 10513017",
  "58 maze "6"                  vga cf207030 rnd 6321339",
  "59 maze "2"                  vga afde007d rnd 9150733",
  "60 maze "d"                  text cafce7f9 rnd 5341167",
  "61 text "blue\\r"             text 231234bb rnd 5341167",
  "62 text "1"                  text 4d82a864 rnd 16620278",
  "63 text "1"                  vga 1ccb5292 rnd 16620278",
  "64 maze "6"                  vga b6d9b856 rnd 16380192",
  "65 maze "4"                  vga 8899b793 rnd 1706138",
  "66 maze "m"                  text 067491aa rnd 289764",
  "67 text "y"                  text 1121c0bf rnd 289764",
  "68 text "2\\r"                text 0aafbffd rnd 289764",
  "69 text "1\\r"                text 105370ed rnd 289764",
  "70 text " "                  vga 29a36541 rnd 289764",
  "71 maze "2"                  vga 1c9d1876 rnd 14154110",
  "72 maze "2"                  text 2f342cfa rnd 951272",
  "73 text " "                  text 8a0d6412 rnd 951272",
  "74 text "a"                  text aac50fe5 rnd 11489757",
  "75 text "r"                  text fab3d900 rnd 11489757",
  "76 text "a"                  vga c7c8cdc7 rnd 2682821",
  "77 maze "6"                  vga 77f456ab rnd 13894759",
  "78 maze "m"                  text f1dc2125 rnd 7966233",
  "79 text "y"                  text 3288a194 rnd 7966233",
  "80 text "5\\r"                text 373d7e8e rnd 7966233",
  "81 text "15\\r"               text 41de380e rnd 7966233",
  "82 text "15\\r"               text 33290eac rnd 7966233",
  "83 text " "                  text e79cd8c5 rnd 7966233",
  "84 text " "                  text ce04fc46 rnd 7966233",
  "85 text " "                  text 3789537d rnd 7966233",
  "86 text " "                  text 3789537d rnd 7966233",
  "outcome: END",
]
`;

exports[`playthroughs > restoring with no saves says so 1`] = `
[
  "restore                      text 9bdb7b3a rnd 11924148",
  "outcome: still running",
]
`;
